Copyright 1986-2020 Xilinx, Inc. All Rights Reserved.
-----------------------------------------------------------------------------------------------------------------------------------------------------------------------------
| Tool Version : Vivado v.2020.2 (lin64) Build 3064766 Wed Nov 18 09:12:47 MST 2020
| Date         : Thu Jul 15 21:51:39 2021
| Host         : ATOM running 64-bit Ubuntu 20.04.1 LTS
| Command      : report_timing -sort_by group -max_paths 100 -path_type summary -file ./out_led_counter_xc7a35tcpg236-1/FPGA_led_counter/route/reports/post_route_timing.rpt
| Design       : top
| Device       : 7a35t-cpg236
| Speed File   : -1  PRODUCTION 1.23 2018-06-13
-----------------------------------------------------------------------------------------------------------------------------------------------------------------------------

Timing Report

Startpoint                     Endpoint                       Slack(ns)     
----------------------------------------------------------------------------
dut1/counter_value_reg[4]/C    dut1/counter_value_reg[1]/R    15.770        
dut1/counter_value_reg[4]/C    dut1/counter_value_reg[2]/R    15.770        
dut1/counter_value_reg[4]/C    dut1/counter_value_reg[3]/R    15.770        
dut1/counter_value_reg[4]/C    dut1/counter_value_reg[4]/R    15.770        
dut1/counter_value_reg[4]/C    dut1/counter_value_reg[5]/R    15.797        
dut1/counter_value_reg[4]/C    dut1/counter_value_reg[6]/R    15.797        
dut1/counter_value_reg[4]/C    dut1/counter_value_reg[7]/R    15.797        
dut1/counter_value_reg[4]/C    dut1/counter_value_reg[8]/R    15.797        
dut1/counter_value_reg[4]/C    dut1/counter_value_reg[17]/R   15.801        
dut1/counter_value_reg[4]/C    dut1/counter_value_reg[18]/R   15.801        
dut1/counter_value_reg[4]/C    dut1/counter_value_reg[19]/R   15.801        
dut1/counter_value_reg[4]/C    dut1/counter_value_reg[20]/R   15.801        
dut1/counter_value_reg[4]/C    dut1/counter_value_reg[29]/R   15.816        
dut1/counter_value_reg[4]/C    dut1/counter_value_reg[30]/R   15.816        
dut1/counter_value_reg[4]/C    dut1/counter_value_reg[31]/R   15.816        
dut1/counter_value_reg[4]/C    dut1/counter_value_reg[10]/R   15.898        
dut1/counter_value_reg[4]/C    dut1/counter_value_reg[11]/R   15.898        
dut1/counter_value_reg[4]/C    dut1/counter_value_reg[12]/R   15.898        
dut1/counter_value_reg[4]/C    dut1/counter_value_reg[9]/R    15.898        
dut1/counter_value_reg[4]/C    dut1/counter_value_reg[13]/R   15.938        
dut1/counter_value_reg[4]/C    dut1/counter_value_reg[14]/R   15.938        
dut1/counter_value_reg[4]/C    dut1/counter_value_reg[15]/R   15.938        
dut1/counter_value_reg[4]/C    dut1/counter_value_reg[16]/R   15.938        
dut1/counter_value_reg[4]/C    dut1/counter_value_reg[25]/R   15.954        
dut1/counter_value_reg[4]/C    dut1/counter_value_reg[26]/R   15.954        
dut1/counter_value_reg[4]/C    dut1/counter_value_reg[27]/R   15.954        
dut1/counter_value_reg[4]/C    dut1/counter_value_reg[28]/R   15.954        
dut1/counter_value_reg[4]/C    dut1/counter_value_reg[21]/R   16.101        
dut1/counter_value_reg[4]/C    dut1/counter_value_reg[22]/R   16.101        
dut1/counter_value_reg[4]/C    dut1/counter_value_reg[23]/R   16.101        
dut1/counter_value_reg[4]/C    dut1/counter_value_reg[24]/R   16.101        
dut1/counter_value_reg[12]/C   dut1/divided_clk_reg/D         17.195        
dut1/counter_value_reg[2]/C    dut1/counter_value_reg[30]/D   17.370        
dut1/counter_value_reg[2]/C    dut1/counter_value_reg[31]/D   17.465        
dut1/counter_value_reg[2]/C    dut1/counter_value_reg[29]/D   17.481        
dut1/counter_value_reg[2]/C    dut1/counter_value_reg[26]/D   17.483        
dut1/counter_value_reg[2]/C    dut1/counter_value_reg[28]/D   17.504        
dut1/counter_value_reg[2]/C    dut1/counter_value_reg[27]/D   17.578        
dut1/counter_value_reg[2]/C    dut1/counter_value_reg[25]/D   17.594        
dut1/counter_value_reg[2]/C    dut1/counter_value_reg[22]/D   17.596        
dut1/counter_value_reg[2]/C    dut1/counter_value_reg[24]/D   17.617        
dut1/counter_value_reg[2]/C    dut1/counter_value_reg[23]/D   17.691        
dut1/counter_value_reg[2]/C    dut1/counter_value_reg[21]/D   17.707        
dut1/counter_value_reg[2]/C    dut1/counter_value_reg[18]/D   17.709        
dut1/counter_value_reg[2]/C    dut1/counter_value_reg[20]/D   17.730        
dut1/counter_value_reg[2]/C    dut1/counter_value_reg[19]/D   17.804        
dut1/counter_value_reg[2]/C    dut1/counter_value_reg[17]/D   17.820        
dut1/counter_value_reg[2]/C    dut1/counter_value_reg[14]/D   17.821        
dut1/counter_value_reg[2]/C    dut1/counter_value_reg[16]/D   17.842        
dut1/counter_value_reg[2]/C    dut1/counter_value_reg[15]/D   17.916        
dut1/counter_value_reg[2]/C    dut1/counter_value_reg[13]/D   17.932        
dut1/counter_value_reg[2]/C    dut1/counter_value_reg[10]/D   17.934        
dut1/counter_value_reg[2]/C    dut1/counter_value_reg[12]/D   17.955        
dut1/counter_value_reg[2]/C    dut1/counter_value_reg[11]/D   18.029        
dut1/counter_value_reg[2]/C    dut1/counter_value_reg[9]/D    18.045        
dut1/counter_value_reg[2]/C    dut1/counter_value_reg[6]/D    18.048        
dut1/counter_value_reg[2]/C    dut1/counter_value_reg[8]/D    18.069        
dut1/counter_value_reg[2]/C    dut1/counter_value_reg[7]/D    18.143        
dut1/counter_value_reg[2]/C    dut1/counter_value_reg[5]/D    18.159        
dut1/counter_value_reg[2]/C    dut1/counter_value_reg[4]/D    18.314        
dut1/counter_value_reg[2]/C    dut1/counter_value_reg[3]/D    18.374        
dut1/counter_value_reg[1]/C    dut1/counter_value_reg[2]/D    18.517        
dut1/counter_value_reg[1]/C    dut1/counter_value_reg[1]/D    18.694        
dut1/counter_value_reg[0]/C    dut1/counter_value_reg[0]/D    18.884        



